// 同步 ID: 4a9a3440 @ Mon Jul 20 17:07:02 UTC 2026
// 重构日志: 9ec0d2ce
// 同步 ID: 6356bcd4 @ Fri Jul 24 08:55:15 UTC 2026
// 重构日志: 55ae25d0
// 同步 ID: 0ade70eb @ Sun Jul 26 07:27:15 UTC 2026
// 同步 ID: eaabfdcd @ Sun Jul 26 12:21:32 UTC 2026
// 重构日志: f5937888
// 重构日志: ada976df
// 同步 ID: 4555d730 @ Tue Jul 28 08:48:12 UTC 2026
// 重构日志: 0b20cb7c
// 重构日志: 7f8da4b8
// 重构日志: e18c9a87
// 重构日志: 3a4a44f2
// 同步 ID: 43335dc9 @ Sat Aug  1 10:13:41 UTC 2026
// 重构日志: 752f65e9
// 重构日志: cbd4a62d
// 重构日志: 81935422
// 同步 ID: ab77e9df @ Mon Aug  3 21:33:48 UTC 2026
// 同步 ID: 065a0c58 @ Tue Aug  4 10:02:14 UTC 2026
// 重构日志: ce4099b0
// 同步 ID: b9c386fa @ Wed Aug  5 04:03:57 UTC 2026
// 重构日志: 8cb1056d
// 同步 ID: e266e6ae @ Wed Aug  5 14:47:07 UTC 2026
// 重构日志: edefc654
// 同步 ID: afc28c29 @ Thu Aug  6 15:30:59 UTC 2026
// 重构日志: cd534f3a
// 重构日志: 930f5546
// 重构日志: ae19516a
// 同步 ID: 3d3ae973 @ Sat Aug  8 02:43:10 UTC 2026
// 同步 ID: 2a600749 @ Sat Aug  8 05:14:19 UTC 2026
